// Jest Snapshot v1, https://goo.gl/fbAQLP

exports[`Components -> Nav should match the snapshot 1`] = `
<div>
  <ul>
    <li
      class="py-y-0.5"
    >
      <a
        href="/"
      >
        Home
      </a>
    </li>
    <li
      class="py-y-0.5"
    >
      <a
        href="/about"
      >
        About
      </a>
    </li>
    <li
      class="py-y-0.5"
    >
      <a
        href="/customComponents"
      >
        Custom components
      </a>
    </li>
    <li
      class="py-y-0.5"
    >
      <a
        href="/serverRendered"
      >
        Server rendered
      </a>
    </li>
    <li
      class="py-y-0.5"
    >
      <a
        href="/staticallyGenerated"
      >
        Statically generated
      </a>
    </li>
    <li
      class="py-y-0.5"
    >
      <a
        href="/showRouter/blahblahMadeUpValue"
      >
        Dynamic route
      </a>
    </li>
    <li
      class="py-y-0.5"
    >
      <a
        href="/i18n/staticPage"
      >
        i18n - Static
      </a>
    </li>
    <li
      class="py-y-0.5"
    >
      <a
        href="/i18n/serverRendered"
      >
        i18n - Server rendered
      </a>
    </li>
    <li
      class="py-y-0.5"
    >
      <a
        href="/getStaticPaths/blogArticleA"
      >
        GetStaticPaths
      </a>
    </li>
    <li
      class="py-y-0.5"
    >
      <a
        href="/getStaticPathsChildren/blog/articles/A"
      >
        GetStaticPaths - Nested
      </a>
    </li>
  </ul>
</div>
`;
