// Jest Snapshot v1, https://goo.gl/fbAQLP

exports[`Components -> Counter should match the snapshot 1`] = `
<div>
  <p
    data-testid="message"
  >
    You clicked 
    0
     times
  </p>
  <button
    class="btn default md"
    data-testid="increment"
  >
    Increment counter
  </button>
</div>
`;
